Archive member included to satisfy reference by file (symbol)

/home/yog/TRoll/projects/scalp/libscalp.a(fr_cmdes.o)
                              minut.o (frame_set_4)
/home/yog/TRoll/projects/scalp/libscalp.a(basic.o)
                              main.o (BSC_init)
/home/yog/TRoll/projects/scalp/libscalp.a(common.o)
                              main.o (CMN_init)
/home/yog/TRoll/projects/scalp/libscalp.a(dispatcher.o)
                              main.o (dpt_init)
/home/yog/TRoll/projects/scalp/libscalp.a(routing_tables.o)
                              /home/yog/TRoll/projects/scalp/libscalp.a(dispatcher.o) (ROUT_route)
/home/yog/TRoll/projects/nanoK/libnanoK.a(timer1.o)
                              servo.o (TMR1_init)
/home/yog/TRoll/projects/nanoK/libnanoK.a(timer2.o)
                              main.o (TMR2_init)
/home/yog/TRoll/projects/nanoK/libnanoK.a(twi.o)
                              /home/yog/TRoll/projects/scalp/libscalp.a(dispatcher.o) (TWI_init)
/home/yog/TRoll/projects/nanoK/libnanoK.a(sleep.o)
                              /home/yog/TRoll/projects/scalp/libscalp.a(basic.o) (SLP_init)
/home/yog/TRoll/projects/nanoK/libnanoK.a(eeprom.o)
                              /home/yog/TRoll/projects/scalp/libscalp.a(basic.o) (EEP_init)
/home/yog/TRoll/projects/nanoK/libnanoK.a(fifo.o)
                              minut.o (FIFO_init)
/home/yog/TRoll/projects/nanoK/libnanoK.a(time.o)
                              main.o (TIME_init)
/home/yog/TRoll/projects/nanoK/libnanoK.a(state_machine.o)
                              minut.o (STM_init)
/usr/lib/gcc/avr/4.9.3/avr5/libgcc.a(_umulhisi3.o)
                              minut.o (__umulhisi3)
/usr/lib/gcc/avr/4.9.3/avr5/libgcc.a(_muluhisi3.o)
                              main.o (__muluhisi3)
/usr/lib/gcc/avr/4.9.3/avr5/libgcc.a(_divmodhi4.o)
                              servo.o (__divmodhi4)
/usr/lib/gcc/avr/4.9.3/avr5/libgcc.a(_udivmodsi4.o)
                              main.o (__udivmodsi4)
/usr/lib/gcc/avr/4.9.3/avr5/libgcc.a(_prologue.o)
                              minut.o (__prologue_saves__)
/usr/lib/gcc/avr/4.9.3/avr5/libgcc.a(_epilogue.o)
                              minut.o (__epilogue_restores__)
/usr/lib/gcc/avr/4.9.3/avr5/libgcc.a(_exit.o)
                              /usr/lib/gcc/avr/4.9.3/../../../../avr/lib/avr5/crtm328p.o (exit)
/usr/lib/gcc/avr/4.9.3/avr5/libgcc.a(_tablejump2.o)
                              /home/yog/TRoll/projects/scalp/libscalp.a(basic.o) (__tablejump2__)
/usr/lib/gcc/avr/4.9.3/avr5/libgcc.a(_clear_bss.o)
                              minut.o (__do_clear_bss)
/usr/lib/gcc/avr/4.9.3/avr5/libgcc.a(_ashldi3.o)
                              /home/yog/TRoll/projects/scalp/libscalp.a(dispatcher.o) (__ashldi3)
/usr/lib/gcc/avr/4.9.3/avr5/libgcc.a(_cmpdi2_s8.o)
                              /home/yog/TRoll/projects/scalp/libscalp.a(dispatcher.o) (__cmpdi2_s8)
/usr/lib/gcc/avr/4.9.3/avr5/libgcc.a(_udivmodhi4.o)
                              /usr/lib/gcc/avr/4.9.3/avr5/libgcc.a(_divmodhi4.o) (__udivmodhi4)
/usr/lib/gcc/avr/4.9.3/../../../../avr/lib/avr5/libc.a(memcpy_P.o)
                              /home/yog/TRoll/projects/scalp/libscalp.a(basic.o) (memcpy_P)
/usr/lib/gcc/avr/4.9.3/../../../../avr/lib/avr5/libc.a(memcpy.o)
                              /home/yog/TRoll/projects/nanoK/libnanoK.a(fifo.o) (memcpy)

Allocating common symbols
Common symbol       size              file

mnt                 0xbc              minut.o
tkf                 0x42              tk-off.o
srv                 0x81              servo.o

Memory Configuration

Name             Origin             Length             Attributes
text             0x0000000000000000 0x0000000000020000 xr
data             0x0000000000800060 0x000000000000ffa0 rw !x
eeprom           0x0000000000810000 0x0000000000010000 rw !x
fuse             0x0000000000820000 0x0000000000000400 rw !x
lock             0x0000000000830000 0x0000000000000400 rw !x
signature        0x0000000000840000 0x0000000000000400 rw !x
*default*        0x0000000000000000 0xffffffffffffffff

Linker script and memory map

Address of section .data set to 0x800100
LOAD /usr/lib/gcc/avr/4.9.3/../../../../avr/lib/avr5/crtm328p.o
Address of section .mmcu set to 0x8000
LOAD main.o
LOAD minut.o
LOAD servo.o
LOAD tk-off.o
LOAD eeprom_frames.o
LOAD /home/yog/TRoll/projects/scalp/libscalp.a
LOAD /home/yog/TRoll/projects/nanoK/libnanoK.a
START GROUP
LOAD /usr/lib/gcc/avr/4.9.3/avr5/libgcc.a
LOAD /usr/lib/gcc/avr/4.9.3/../../../../avr/lib/avr5/libm.a
LOAD /usr/lib/gcc/avr/4.9.3/../../../../avr/lib/avr5/libc.a
END GROUP

.hash
 *(.hash)

.dynsym
 *(.dynsym)

.dynstr
 *(.dynstr)

.gnu.version
 *(.gnu.version)

.gnu.version_d
 *(.gnu.version_d)

.gnu.version_r
 *(.gnu.version_r)

.rel.init
 *(.rel.init)

.rela.init
 *(.rela.init)

.rel.text
 *(.rel.text)
 *(.rel.text.*)
 *(.rel.gnu.linkonce.t*)

.rela.text
 *(.rela.text)
 *(.rela.text.*)
 *(.rela.gnu.linkonce.t*)

.rel.fini
 *(.rel.fini)

.rela.fini
 *(.rela.fini)

.rel.rodata
 *(.rel.rodata)
 *(.rel.rodata.*)
 *(.rel.gnu.linkonce.r*)

.rela.rodata
 *(.rela.rodata)
 *(.rela.rodata.*)
 *(.rela.gnu.linkonce.r*)

.rel.data
 *(.rel.data)
 *(.rel.data.*)
 *(.rel.gnu.linkonce.d*)

.rela.data
 *(.rela.data)
 *(.rela.data.*)
 *(.rela.gnu.linkonce.d*)

.rel.ctors
 *(.rel.ctors)

.rela.ctors
 *(.rela.ctors)

.rel.dtors
 *(.rel.dtors)

.rela.dtors
 *(.rela.dtors)

.rel.got
 *(.rel.got)

.rela.got
 *(.rela.got)

.rel.bss
 *(.rel.bss)

.rela.bss
 *(.rela.bss)

.rel.plt
 *(.rel.plt)

.rela.plt
 *(.rela.plt)

.text           0x0000000000000000     0x2cc4
 *(.vectors)
 .vectors       0x0000000000000000       0x68 /usr/lib/gcc/avr/4.9.3/../../../../avr/lib/avr5/crtm328p.o
                0x0000000000000000                __vectors
                0x0000000000000000                __vector_default
 *(.vectors)
 *(.progmem.gcc*)
 .progmem.gcc_sw_table
                0x0000000000000068       0x16 /home/yog/TRoll/projects/scalp/libscalp.a(basic.o)
 .progmem.gcc_sw_table
                0x000000000000007e       0x16 /home/yog/TRoll/projects/scalp/libscalp.a(dispatcher.o)
                0x0000000000000094                . = ALIGN (0x2)
                0x0000000000000094                __trampolines_start = .
 *(.trampolines)
 .trampolines   0x0000000000000094        0x0 linker stubs
 *(.trampolines*)
                0x0000000000000094                __trampolines_end = .
 *(.progmem*)
 .progmem.data  0x0000000000000094       0x3d minut.o
                0x0000000000000094                parachute
                0x000000000000009a                flight
                0x00000000000000a0                waiting
                0x00000000000000a6                para_closing
                0x00000000000000ac                para_opening
                0x00000000000000b2                init
                0x00000000000000b8                flight2parachute
                0x00000000000000bd                waiting2flight
                0x00000000000000c2                para_closing2waiting
                0x00000000000000c7                para_opening2para_closing
                0x00000000000000cc                init2para_opening
 .progmem.data  0x00000000000000d1       0x34 /home/yog/TRoll/projects/nanoK/libnanoK.a(twi.o)
                0x0000000000000106                . = ALIGN (0x2)
 *fill*         0x0000000000000105        0x1 
 *(.jumptables)
 *(.jumptables*)
 *(.lowtext)
 *(.lowtext*)
                0x0000000000000106                __ctors_start = .
 *(.ctors)
                0x0000000000000106                __ctors_end = .
                0x0000000000000106                __dtors_start = .
 *(.dtors)
                0x0000000000000106                __dtors_end = .
 SORT(*)(.ctors)
 SORT(*)(.dtors)
 *(.init0)
 .init0         0x0000000000000106        0x0 /usr/lib/gcc/avr/4.9.3/../../../../avr/lib/avr5/crtm328p.o
                0x0000000000000106                __init
 *(.init0)
 *(.init1)
 *(.init1)
 *(.init2)
 .init2         0x0000000000000106        0xc /usr/lib/gcc/avr/4.9.3/../../../../avr/lib/avr5/crtm328p.o
 *(.init2)
 *(.init3)
 *(.init3)
 *(.init4)
 .init4         0x0000000000000112       0x10 /usr/lib/gcc/avr/4.9.3/avr5/libgcc.a(_clear_bss.o)
                0x0000000000000112                __do_clear_bss
 *(.init4)
 *(.init5)
 *(.init5)
 *(.init6)
 *(.init6)
 *(.init7)
 *(.init7)
 *(.init8)
 *(.init8)
 *(.init9)
 .init9         0x0000000000000122        0x8 /usr/lib/gcc/avr/4.9.3/../../../../avr/lib/avr5/crtm328p.o
 *(.init9)
 *(.text)
 .text          0x000000000000012a        0x4 /usr/lib/gcc/avr/4.9.3/../../../../avr/lib/avr5/crtm328p.o
                0x000000000000012a                __vector_1
                0x000000000000012a                __bad_interrupt
                0x000000000000012a                __vector_6
                0x000000000000012a                __vector_3
                0x000000000000012a                __vector_23
                0x000000000000012a                __vector_25
                0x000000000000012a                __vector_17
                0x000000000000012a                __vector_19
                0x000000000000012a                __vector_5
                0x000000000000012a                __vector_4
                0x000000000000012a                __vector_2
                0x000000000000012a                __vector_21
                0x000000000000012a                __vector_15
                0x000000000000012a                __vector_8
                0x000000000000012a                __vector_14
                0x000000000000012a                __vector_16
                0x000000000000012a                __vector_18
                0x000000000000012a                __vector_20
 .text          0x000000000000012e       0x32 main.o
 .text          0x0000000000000160      0x732 minut.o
                0x0000000000000160                action_waiting
                0x00000000000001fa                action_parachute
                0x0000000000000294                action_init
                0x000000000000034e                action_para_opening
                0x0000000000000408                action_para_closing
                0x00000000000004c2                action_flight
                0x00000000000005a4                mnt_check_time_out
                0x000000000000062c                mnt_open_time
                0x0000000000000650                mnt_check_commands
                0x0000000000000726                mnt_send_frame
                0x0000000000000782                mnt_init
                0x0000000000000832                mnt_run
 .text          0x0000000000000892      0x22e servo.o
                0x0000000000000a20                srv_init
                0x0000000000000ab6                srv_run
 .text          0x0000000000000ac0      0x1b8 tk-off.o
                0x0000000000000bfa                tkf_init
                0x0000000000000c68                tkf_run
 .text          0x0000000000000c78        0x0 eeprom_frames.o
 .text          0x0000000000000c78      0x144 /home/yog/TRoll/projects/scalp/libscalp.a(fr_cmdes.o)
                0x0000000000000c78                frame_set_0
                0x0000000000000c90                frame_set_1
                0x0000000000000cae                frame_set_2
                0x0000000000000cd2                frame_set_3
                0x0000000000000cfc                frame_set_4
                0x0000000000000d38                frame_set_5
                0x0000000000000d78                frame_set_6
 .text          0x0000000000000dbc      0x5c0 /home/yog/TRoll/projects/scalp/libscalp.a(basic.o)
                0x0000000000000dbc                BSC_frame_handling
                0x000000000000112e                BSC_in
                0x00000000000011d6                BSC_out
                0x0000000000001252                BSC_init
                0x0000000000001342                BSC_run
 .text          0x000000000000137c      0x2d8 /home/yog/TRoll/projects/scalp/libscalp.a(common.o)
                0x00000000000015a4                CMN_init
                0x0000000000001626                CMN_run
 .text          0x0000000000001654      0x5e2 /home/yog/TRoll/projects/scalp/libscalp.a(dispatcher.o)
                0x000000000000195e                dpt_init
                0x0000000000001a14                dpt_run
                0x0000000000001a6a                dpt_register
                0x0000000000001a9e                dpt_lock
                0x0000000000001aec                dpt_unlock
                0x0000000000001b3e                dpt_tx
                0x0000000000001c26                dpt_set_sl_addr
                0x0000000000001c30                dpt_gen_call
 .text          0x0000000000001c36      0x240 /home/yog/TRoll/projects/scalp/libscalp.a(routing_tables.o)
                0x0000000000001dd6                ROUT_init
                0x0000000000001e2a                ROUT_run
                0x0000000000001e30                ROUT_route
 .text          0x0000000000001e76      0x27a /home/yog/TRoll/projects/nanoK/libnanoK.a(timer1.o)
                0x0000000000001e76                __vector_10
                0x0000000000001ed2                __vector_11
                0x0000000000001f34                __vector_12
                0x0000000000001f96                __vector_13
                0x0000000000001ff8                TMR1_init
                0x000000000000205a                TMR1_start
                0x000000000000206e                TMR1_stop
                0x000000000000207a                TMR1_reset
                0x0000000000002088                TMR1_get
                0x0000000000002098                TMR1_compare_set
                0x00000000000020c2                TMR1_compare_get
 .text          0x00000000000020f0      0x162 /home/yog/TRoll/projects/nanoK/libnanoK.a(timer2.o)
                0x00000000000020f0                __vector_9
                0x0000000000002150                __vector_7
                0x00000000000021b0                TMR2_init
                0x000000000000222c                TMR2_reset
                0x0000000000002236                TMR2_start
                0x0000000000002240                TMR2_stop
                0x0000000000002246                TMR2_get_value
 .text          0x0000000000002252      0x3c4 /home/yog/TRoll/projects/nanoK/libnanoK.a(twi.o)
                0x0000000000002270                __vector_24
                0x000000000000249c                TWI_init
                0x00000000000024f2                TWI_set_sl_addr
                0x0000000000002506                TWI_get_sl_addr
                0x000000000000250e                TWI_gen_call
                0x0000000000002526                TWI_stop
                0x0000000000002558                TWI_ms_tx
                0x0000000000002596                TWI_ms_rx
                0x00000000000025d6                TWI_sl_tx
                0x00000000000025f2                TWI_sl_rx
 .text          0x0000000000002616       0x96 /home/yog/TRoll/projects/nanoK/libnanoK.a(sleep.o)
                0x0000000000002616                SLP_init
                0x0000000000002630                SLP_register
                0x0000000000002658                SLP_request
                0x0000000000002696                SLP_unrequest
 .text          0x00000000000026ac      0x100 /home/yog/TRoll/projects/nanoK/libnanoK.a(eeprom.o)
                0x00000000000026ac                __vector_22
                0x0000000000002718                EEP_init
                0x0000000000002726                EEP_read
                0x0000000000002752                EEP_write
                0x000000000000279a                EEP_is_fini
 .text          0x00000000000027ac      0x190 /home/yog/TRoll/projects/nanoK/libnanoK.a(fifo.o)
                0x00000000000027ac                FIFO_init
                0x00000000000027c8                FIFO_put
                0x000000000000283e                FIFO_get
                0x00000000000028b4                FIFO_unget
                0x0000000000002924                FIFO_free
                0x0000000000002934                FIFO_full
 .text          0x000000000000293c       0xb2 /home/yog/TRoll/projects/nanoK/libnanoK.a(time.o)
                0x000000000000293c                TIME_init
                0x0000000000002956                TIME_set_incr
                0x0000000000002968                TIME_get_incr
                0x000000000000297a                TIME_incr
                0x00000000000029a0                TIME_get
                0x00000000000029b2                TIME_get_precise
 .text          0x00000000000029ee       0xc2 /home/yog/TRoll/projects/nanoK/libnanoK.a(state_machine.o)
                0x00000000000029ee                STM_init
                0x0000000000002a2e                STM_run
                0x0000000000002a46                STM_event
 .text          0x0000000000002ab0        0x0 /usr/lib/gcc/avr/4.9.3/avr5/libgcc.a(_umulhisi3.o)
 .text          0x0000000000002ab0        0x0 /usr/lib/gcc/avr/4.9.3/avr5/libgcc.a(_muluhisi3.o)
 .text          0x0000000000002ab0        0x0 /usr/lib/gcc/avr/4.9.3/avr5/libgcc.a(_divmodhi4.o)
 .text          0x0000000000002ab0        0x0 /usr/lib/gcc/avr/4.9.3/avr5/libgcc.a(_udivmodsi4.o)
 .text          0x0000000000002ab0        0x0 /usr/lib/gcc/avr/4.9.3/avr5/libgcc.a(_prologue.o)
 .text          0x0000000000002ab0        0x0 /usr/lib/gcc/avr/4.9.3/avr5/libgcc.a(_epilogue.o)
 .text          0x0000000000002ab0        0x0 /usr/lib/gcc/avr/4.9.3/avr5/libgcc.a(_exit.o)
 .text          0x0000000000002ab0        0x0 /usr/lib/gcc/avr/4.9.3/avr5/libgcc.a(_tablejump2.o)
 .text          0x0000000000002ab0        0x0 /usr/lib/gcc/avr/4.9.3/avr5/libgcc.a(_clear_bss.o)
 .text          0x0000000000002ab0        0x0 /usr/lib/gcc/avr/4.9.3/avr5/libgcc.a(_ashldi3.o)
 .text          0x0000000000002ab0        0x0 /usr/lib/gcc/avr/4.9.3/avr5/libgcc.a(_cmpdi2_s8.o)
 .text          0x0000000000002ab0        0x0 /usr/lib/gcc/avr/4.9.3/avr5/libgcc.a(_udivmodhi4.o)
 .text          0x0000000000002ab0        0x0 /usr/lib/gcc/avr/4.9.3/../../../../avr/lib/avr5/libc.a(memcpy_P.o)
 .text          0x0000000000002ab0        0x0 /usr/lib/gcc/avr/4.9.3/../../../../avr/lib/avr5/libc.a(memcpy.o)
                0x0000000000002ab0                . = ALIGN (0x2)
 *(.text.*)
 .text.startup  0x0000000000002ab0       0x60 main.o
                0x0000000000002ab0                main
 .text.libgcc.mul
                0x0000000000002b10       0x1e /usr/lib/gcc/avr/4.9.3/avr5/libgcc.a(_umulhisi3.o)
                0x0000000000002b10                __umulhisi3
 .text.libgcc.div
                0x0000000000002b2e        0x0 /usr/lib/gcc/avr/4.9.3/avr5/libgcc.a(_umulhisi3.o)
 .text.libgcc   0x0000000000002b2e        0x0 /usr/lib/gcc/avr/4.9.3/avr5/libgcc.a(_umulhisi3.o)
 .text.libgcc.prologue
                0x0000000000002b2e        0x0 /usr/lib/gcc/avr/4.9.3/avr5/libgcc.a(_umulhisi3.o)
 .text.libgcc.builtins
                0x0000000000002b2e        0x0 /usr/lib/gcc/avr/4.9.3/avr5/libgcc.a(_umulhisi3.o)
 .text.libgcc.fmul
                0x0000000000002b2e        0x0 /usr/lib/gcc/avr/4.9.3/avr5/libgcc.a(_umulhisi3.o)
 .text.libgcc.fixed
                0x0000000000002b2e        0x0 /usr/lib/gcc/avr/4.9.3/avr5/libgcc.a(_umulhisi3.o)
 .text.libgcc.mul
                0x0000000000002b2e       0x16 /usr/lib/gcc/avr/4.9.3/avr5/libgcc.a(_muluhisi3.o)
                0x0000000000002b2e                __muluhisi3
 .text.libgcc.div
                0x0000000000002b44        0x0 /usr/lib/gcc/avr/4.9.3/avr5/libgcc.a(_muluhisi3.o)
 .text.libgcc   0x0000000000002b44        0x0 /usr/lib/gcc/avr/4.9.3/avr5/libgcc.a(_muluhisi3.o)
 .text.libgcc.prologue
                0x0000000000002b44        0x0 /usr/lib/gcc/avr/4.9.3/avr5/libgcc.a(_muluhisi3.o)
 .text.libgcc.builtins
                0x0000000000002b44        0x0 /usr/lib/gcc/avr/4.9.3/avr5/libgcc.a(_muluhisi3.o)
 .text.libgcc.fmul
                0x0000000000002b44        0x0 /usr/lib/gcc/avr/4.9.3/avr5/libgcc.a(_muluhisi3.o)
 .text.libgcc.fixed
                0x0000000000002b44        0x0 /usr/lib/gcc/avr/4.9.3/avr5/libgcc.a(_muluhisi3.o)
 .text.libgcc.mul
                0x0000000000002b44        0x0 /usr/lib/gcc/avr/4.9.3/avr5/libgcc.a(_divmodhi4.o)
 .text.libgcc.div
                0x0000000000002b44       0x28 /usr/lib/gcc/avr/4.9.3/avr5/libgcc.a(_divmodhi4.o)
                0x0000000000002b44                __divmodhi4
                0x0000000000002b44                _div
 .text.libgcc   0x0000000000002b6c        0x0 /usr/lib/gcc/avr/4.9.3/avr5/libgcc.a(_divmodhi4.o)
 .text.libgcc.prologue
                0x0000000000002b6c        0x0 /usr/lib/gcc/avr/4.9.3/avr5/libgcc.a(_divmodhi4.o)
 .text.libgcc.builtins
                0x0000000000002b6c        0x0 /usr/lib/gcc/avr/4.9.3/avr5/libgcc.a(_divmodhi4.o)
 .text.libgcc.fmul
                0x0000000000002b6c        0x0 /usr/lib/gcc/avr/4.9.3/avr5/libgcc.a(_divmodhi4.o)
 .text.libgcc.fixed
                0x0000000000002b6c        0x0 /usr/lib/gcc/avr/4.9.3/avr5/libgcc.a(_divmodhi4.o)
 .text.libgcc.mul
                0x0000000000002b6c        0x0 /usr/lib/gcc/avr/4.9.3/avr5/libgcc.a(_udivmodsi4.o)
 .text.libgcc.div
                0x0000000000002b6c       0x44 /usr/lib/gcc/avr/4.9.3/avr5/libgcc.a(_udivmodsi4.o)
                0x0000000000002b6c                __udivmodsi4
 .text.libgcc   0x0000000000002bb0        0x0 /usr/lib/gcc/avr/4.9.3/avr5/libgcc.a(_udivmodsi4.o)
 .text.libgcc.prologue
                0x0000000000002bb0        0x0 /usr/lib/gcc/avr/4.9.3/avr5/libgcc.a(_udivmodsi4.o)
 .text.libgcc.builtins
                0x0000000000002bb0        0x0 /usr/lib/gcc/avr/4.9.3/avr5/libgcc.a(_udivmodsi4.o)
 .text.libgcc.fmul
                0x0000000000002bb0        0x0 /usr/lib/gcc/avr/4.9.3/avr5/libgcc.a(_udivmodsi4.o)
 .text.libgcc.fixed
                0x0000000000002bb0        0x0 /usr/lib/gcc/avr/4.9.3/avr5/libgcc.a(_udivmodsi4.o)
 .text.libgcc.mul
                0x0000000000002bb0        0x0 /usr/lib/gcc/avr/4.9.3/avr5/libgcc.a(_prologue.o)
 .text.libgcc.div
                0x0000000000002bb0        0x0 /usr/lib/gcc/avr/4.9.3/avr5/libgcc.a(_prologue.o)
 .text.libgcc   0x0000000000002bb0        0x0 /usr/lib/gcc/avr/4.9.3/avr5/libgcc.a(_prologue.o)
 .text.libgcc.prologue
                0x0000000000002bb0       0x38 /usr/lib/gcc/avr/4.9.3/avr5/libgcc.a(_prologue.o)
                0x0000000000002bb0                __prologue_saves__
 .text.libgcc.builtins
                0x0000000000002be8        0x0 /usr/lib/gcc/avr/4.9.3/avr5/libgcc.a(_prologue.o)
 .text.libgcc.fmul
                0x0000000000002be8        0x0 /usr/lib/gcc/avr/4.9.3/avr5/libgcc.a(_prologue.o)
 .text.libgcc.fixed
                0x0000000000002be8        0x0 /usr/lib/gcc/avr/4.9.3/avr5/libgcc.a(_prologue.o)
 .text.libgcc.mul
                0x0000000000002be8        0x0 /usr/lib/gcc/avr/4.9.3/avr5/libgcc.a(_epilogue.o)
 .text.libgcc.div
                0x0000000000002be8        0x0 /usr/lib/gcc/avr/4.9.3/avr5/libgcc.a(_epilogue.o)
 .text.libgcc   0x0000000000002be8        0x0 /usr/lib/gcc/avr/4.9.3/avr5/libgcc.a(_epilogue.o)
 .text.libgcc.prologue
                0x0000000000002be8       0x36 /usr/lib/gcc/avr/4.9.3/avr5/libgcc.a(_epilogue.o)
                0x0000000000002be8                __epilogue_restores__
 .text.libgcc.builtins
                0x0000000000002c1e        0x0 /usr/lib/gcc/avr/4.9.3/avr5/libgcc.a(_epilogue.o)
 .text.libgcc.fmul
                0x0000000000002c1e        0x0 /usr/lib/gcc/avr/4.9.3/avr5/libgcc.a(_epilogue.o)
 .text.libgcc.fixed
                0x0000000000002c1e        0x0 /usr/lib/gcc/avr/4.9.3/avr5/libgcc.a(_epilogue.o)
 .text.libgcc.mul
                0x0000000000002c1e        0x0 /usr/lib/gcc/avr/4.9.3/avr5/libgcc.a(_exit.o)
 .text.libgcc.div
                0x0000000000002c1e        0x0 /usr/lib/gcc/avr/4.9.3/avr5/libgcc.a(_exit.o)
 .text.libgcc   0x0000000000002c1e        0x0 /usr/lib/gcc/avr/4.9.3/avr5/libgcc.a(_exit.o)
 .text.libgcc.prologue
                0x0000000000002c1e        0x0 /usr/lib/gcc/avr/4.9.3/avr5/libgcc.a(_exit.o)
 .text.libgcc.builtins
                0x0000000000002c1e        0x0 /usr/lib/gcc/avr/4.9.3/avr5/libgcc.a(_exit.o)
 .text.libgcc.fmul
                0x0000000000002c1e        0x0 /usr/lib/gcc/avr/4.9.3/avr5/libgcc.a(_exit.o)
 .text.libgcc.fixed
                0x0000000000002c1e        0x0 /usr/lib/gcc/avr/4.9.3/avr5/libgcc.a(_exit.o)
 .text.libgcc.mul
                0x0000000000002c1e        0x0 /usr/lib/gcc/avr/4.9.3/avr5/libgcc.a(_tablejump2.o)
 .text.libgcc.div
                0x0000000000002c1e        0x0 /usr/lib/gcc/avr/4.9.3/avr5/libgcc.a(_tablejump2.o)
 .text.libgcc   0x0000000000002c1e        0xc /usr/lib/gcc/avr/4.9.3/avr5/libgcc.a(_tablejump2.o)
                0x0000000000002c1e                __tablejump2__
 .text.libgcc.prologue
                0x0000000000002c2a        0x0 /usr/lib/gcc/avr/4.9.3/avr5/libgcc.a(_tablejump2.o)
 .text.libgcc.builtins
                0x0000000000002c2a        0x0 /usr/lib/gcc/avr/4.9.3/avr5/libgcc.a(_tablejump2.o)
 .text.libgcc.fmul
                0x0000000000002c2a        0x0 /usr/lib/gcc/avr/4.9.3/avr5/libgcc.a(_tablejump2.o)
 .text.libgcc.fixed
                0x0000000000002c2a        0x0 /usr/lib/gcc/avr/4.9.3/avr5/libgcc.a(_tablejump2.o)
 .text.libgcc.mul
                0x0000000000002c2a        0x0 /usr/lib/gcc/avr/4.9.3/avr5/libgcc.a(_clear_bss.o)
 .text.libgcc.div
                0x0000000000002c2a        0x0 /usr/lib/gcc/avr/4.9.3/avr5/libgcc.a(_clear_bss.o)
 .text.libgcc   0x0000000000002c2a        0x0 /usr/lib/gcc/avr/4.9.3/avr5/libgcc.a(_clear_bss.o)
 .text.libgcc.prologue
                0x0000000000002c2a        0x0 /usr/lib/gcc/avr/4.9.3/avr5/libgcc.a(_clear_bss.o)
 .text.libgcc.builtins
                0x0000000000002c2a        0x0 /usr/lib/gcc/avr/4.9.3/avr5/libgcc.a(_clear_bss.o)
 .text.libgcc.fmul
                0x0000000000002c2a        0x0 /usr/lib/gcc/avr/4.9.3/avr5/libgcc.a(_clear_bss.o)
 .text.libgcc.fixed
                0x0000000000002c2a        0x0 /usr/lib/gcc/avr/4.9.3/avr5/libgcc.a(_clear_bss.o)
 .text.libgcc.mul
                0x0000000000002c2a        0x0 /usr/lib/gcc/avr/4.9.3/avr5/libgcc.a(_ashldi3.o)
 .text.libgcc.div
                0x0000000000002c2a        0x0 /usr/lib/gcc/avr/4.9.3/avr5/libgcc.a(_ashldi3.o)
 .text.libgcc   0x0000000000002c2a        0x0 /usr/lib/gcc/avr/4.9.3/avr5/libgcc.a(_ashldi3.o)
 .text.libgcc.prologue
                0x0000000000002c2a        0x0 /usr/lib/gcc/avr/4.9.3/avr5/libgcc.a(_ashldi3.o)
 .text.libgcc.builtins
                0x0000000000002c2a       0x32 /usr/lib/gcc/avr/4.9.3/avr5/libgcc.a(_ashldi3.o)
                0x0000000000002c2a                __ashldi3
 .text.libgcc.fmul
                0x0000000000002c5c        0x0 /usr/lib/gcc/avr/4.9.3/avr5/libgcc.a(_ashldi3.o)
 .text.libgcc.fixed
                0x0000000000002c5c        0x0 /usr/lib/gcc/avr/4.9.3/avr5/libgcc.a(_ashldi3.o)
 .text.libgcc.mul
                0x0000000000002c5c        0x0 /usr/lib/gcc/avr/4.9.3/avr5/libgcc.a(_cmpdi2_s8.o)
 .text.libgcc.div
                0x0000000000002c5c        0x0 /usr/lib/gcc/avr/4.9.3/avr5/libgcc.a(_cmpdi2_s8.o)
 .text.libgcc   0x0000000000002c5c       0x18 /usr/lib/gcc/avr/4.9.3/avr5/libgcc.a(_cmpdi2_s8.o)
                0x0000000000002c5c                __cmpdi2_s8
 .text.libgcc.prologue
                0x0000000000002c74        0x0 /usr/lib/gcc/avr/4.9.3/avr5/libgcc.a(_cmpdi2_s8.o)
 .text.libgcc.builtins
                0x0000000000002c74        0x0 /usr/lib/gcc/avr/4.9.3/avr5/libgcc.a(_cmpdi2_s8.o)
 .text.libgcc.fmul
                0x0000000000002c74        0x0 /usr/lib/gcc/avr/4.9.3/avr5/libgcc.a(_cmpdi2_s8.o)
 .text.libgcc.fixed
                0x0000000000002c74        0x0 /usr/lib/gcc/avr/4.9.3/avr5/libgcc.a(_cmpdi2_s8.o)
 .text.libgcc.mul
                0x0000000000002c74        0x0 /usr/lib/gcc/avr/4.9.3/avr5/libgcc.a(_udivmodhi4.o)
 .text.libgcc.div
                0x0000000000002c74       0x28 /usr/lib/gcc/avr/4.9.3/avr5/libgcc.a(_udivmodhi4.o)
                0x0000000000002c74                __udivmodhi4
 .text.libgcc   0x0000000000002c9c        0x0 /usr/lib/gcc/avr/4.9.3/avr5/libgcc.a(_udivmodhi4.o)
 .text.libgcc.prologue
                0x0000000000002c9c        0x0 /usr/lib/gcc/avr/4.9.3/avr5/libgcc.a(_udivmodhi4.o)
 .text.libgcc.builtins
                0x0000000000002c9c        0x0 /usr/lib/gcc/avr/4.9.3/avr5/libgcc.a(_udivmodhi4.o)
 .text.libgcc.fmul
                0x0000000000002c9c        0x0 /usr/lib/gcc/avr/4.9.3/avr5/libgcc.a(_udivmodhi4.o)
 .text.libgcc.fixed
                0x0000000000002c9c        0x0 /usr/lib/gcc/avr/4.9.3/avr5/libgcc.a(_udivmodhi4.o)
 .text.avr-libc
                0x0000000000002c9c       0x12 /usr/lib/gcc/avr/4.9.3/../../../../avr/lib/avr5/libc.a(memcpy_P.o)
                0x0000000000002c9c                memcpy_P
 .text.avr-libc
                0x0000000000002cae       0x12 /usr/lib/gcc/avr/4.9.3/../../../../avr/lib/avr5/libc.a(memcpy.o)
                0x0000000000002cae                memcpy
                0x0000000000002cc0                . = ALIGN (0x2)
 *(.fini9)
 .fini9         0x0000000000002cc0        0x0 /usr/lib/gcc/avr/4.9.3/avr5/libgcc.a(_exit.o)
                0x0000000000002cc0                exit
                0x0000000000002cc0                _exit
 *(.fini9)
 *(.fini8)
 *(.fini8)
 *(.fini7)
 *(.fini7)
 *(.fini6)
 *(.fini6)
 *(.fini5)
 *(.fini5)
 *(.fini4)
 *(.fini4)
 *(.fini3)
 *(.fini3)
 *(.fini2)
 *(.fini2)
 *(.fini1)
 *(.fini1)
 *(.fini0)
 .fini0         0x0000000000002cc0        0x4 /usr/lib/gcc/avr/4.9.3/avr5/libgcc.a(_exit.o)
 *(.fini0)
                0x0000000000002cc4                _etext = .

.data           0x0000000000800100        0x0 load address 0x0000000000002cc4
                0x0000000000800100                PROVIDE (__data_start, .)
 *(.data)
 .data          0x0000000000800100        0x0 /usr/lib/gcc/avr/4.9.3/../../../../avr/lib/avr5/crtm328p.o
 .data          0x0000000000800100        0x0 main.o
 .data          0x0000000000800100        0x0 minut.o
 .data          0x0000000000800100        0x0 servo.o
 .data          0x0000000000800100        0x0 tk-off.o
 .data          0x0000000000800100        0x0 eeprom_frames.o
 .data          0x0000000000800100        0x0 /home/yog/TRoll/projects/scalp/libscalp.a(fr_cmdes.o)
 .data          0x0000000000800100        0x0 /home/yog/TRoll/projects/scalp/libscalp.a(basic.o)
 .data          0x0000000000800100        0x0 /home/yog/TRoll/projects/scalp/libscalp.a(common.o)
 .data          0x0000000000800100        0x0 /home/yog/TRoll/projects/scalp/libscalp.a(dispatcher.o)
 .data          0x0000000000800100        0x0 /home/yog/TRoll/projects/scalp/libscalp.a(routing_tables.o)
 .data          0x0000000000800100        0x0 /home/yog/TRoll/projects/nanoK/libnanoK.a(timer1.o)
 .data          0x0000000000800100        0x0 /home/yog/TRoll/projects/nanoK/libnanoK.a(timer2.o)
 .data          0x0000000000800100        0x0 /home/yog/TRoll/projects/nanoK/libnanoK.a(twi.o)
 .data          0x0000000000800100        0x0 /home/yog/TRoll/projects/nanoK/libnanoK.a(sleep.o)
 .data          0x0000000000800100        0x0 /home/yog/TRoll/projects/nanoK/libnanoK.a(eeprom.o)
 .data          0x0000000000800100        0x0 /home/yog/TRoll/projects/nanoK/libnanoK.a(fifo.o)
 .data          0x0000000000800100        0x0 /home/yog/TRoll/projects/nanoK/libnanoK.a(time.o)
 .data          0x0000000000800100        0x0 /home/yog/TRoll/projects/nanoK/libnanoK.a(state_machine.o)
 .data          0x0000000000800100        0x0 /usr/lib/gcc/avr/4.9.3/avr5/libgcc.a(_umulhisi3.o)
 .data          0x0000000000800100        0x0 /usr/lib/gcc/avr/4.9.3/avr5/libgcc.a(_muluhisi3.o)
 .data          0x0000000000800100        0x0 /usr/lib/gcc/avr/4.9.3/avr5/libgcc.a(_divmodhi4.o)
 .data          0x0000000000800100        0x0 /usr/lib/gcc/avr/4.9.3/avr5/libgcc.a(_udivmodsi4.o)
 .data          0x0000000000800100        0x0 /usr/lib/gcc/avr/4.9.3/avr5/libgcc.a(_prologue.o)
 .data          0x0000000000800100        0x0 /usr/lib/gcc/avr/4.9.3/avr5/libgcc.a(_epilogue.o)
 .data          0x0000000000800100        0x0 /usr/lib/gcc/avr/4.9.3/avr5/libgcc.a(_exit.o)
 .data          0x0000000000800100        0x0 /usr/lib/gcc/avr/4.9.3/avr5/libgcc.a(_tablejump2.o)
 .data          0x0000000000800100        0x0 /usr/lib/gcc/avr/4.9.3/avr5/libgcc.a(_clear_bss.o)
 .data          0x0000000000800100        0x0 /usr/lib/gcc/avr/4.9.3/avr5/libgcc.a(_ashldi3.o)
 .data          0x0000000000800100        0x0 /usr/lib/gcc/avr/4.9.3/avr5/libgcc.a(_cmpdi2_s8.o)
 .data          0x0000000000800100        0x0 /usr/lib/gcc/avr/4.9.3/avr5/libgcc.a(_udivmodhi4.o)
 .data          0x0000000000800100        0x0 /usr/lib/gcc/avr/4.9.3/../../../../avr/lib/avr5/libc.a(memcpy_P.o)
 .data          0x0000000000800100        0x0 /usr/lib/gcc/avr/4.9.3/../../../../avr/lib/avr5/libc.a(memcpy.o)
 *(.data*)
 *(.rodata)
 *(.rodata*)
 *(.gnu.linkonce.d*)
                0x0000000000800100                . = ALIGN (0x2)
                0x0000000000800100                _edata = .
                0x0000000000800100                PROVIDE (__data_end, .)

.bss            0x0000000000800100      0x435
                0x0000000000800100                PROVIDE (__bss_start, .)
 *(.bss)
 .bss           0x0000000000800100        0x0 /usr/lib/gcc/avr/4.9.3/../../../../avr/lib/avr5/crtm328p.o
 .bss           0x0000000000800100        0x0 main.o
 .bss           0x0000000000800100        0x0 minut.o
 .bss           0x0000000000800100        0x0 servo.o
 .bss           0x0000000000800100        0x0 tk-off.o
 .bss           0x0000000000800100        0x0 eeprom_frames.o
 .bss           0x0000000000800100        0x0 /home/yog/TRoll/projects/scalp/libscalp.a(fr_cmdes.o)
 .bss           0x0000000000800100       0xcd /home/yog/TRoll/projects/scalp/libscalp.a(basic.o)
 .bss           0x00000000008001cd       0x6b /home/yog/TRoll/projects/scalp/libscalp.a(common.o)
 .bss           0x0000000000800238       0xf6 /home/yog/TRoll/projects/scalp/libscalp.a(dispatcher.o)
 .bss           0x000000000080032e       0x5a /home/yog/TRoll/projects/scalp/libscalp.a(routing_tables.o)
 .bss           0x0000000000800388        0x5 /home/yog/TRoll/projects/nanoK/libnanoK.a(timer1.o)
 .bss           0x000000000080038d        0x5 /home/yog/TRoll/projects/nanoK/libnanoK.a(timer2.o)
 .bss           0x0000000000800392        0xd /home/yog/TRoll/projects/nanoK/libnanoK.a(twi.o)
 .bss           0x000000000080039f        0x7 /home/yog/TRoll/projects/nanoK/libnanoK.a(sleep.o)
 .bss           0x00000000008003a6        0x6 /home/yog/TRoll/projects/nanoK/libnanoK.a(eeprom.o)
 .bss           0x00000000008003ac        0x0 /home/yog/TRoll/projects/nanoK/libnanoK.a(fifo.o)
 .bss           0x00000000008003ac        0xa /home/yog/TRoll/projects/nanoK/libnanoK.a(time.o)
 .bss           0x00000000008003b6        0x0 /home/yog/TRoll/projects/nanoK/libnanoK.a(state_machine.o)
 .bss           0x00000000008003b6        0x0 /usr/lib/gcc/avr/4.9.3/avr5/libgcc.a(_umulhisi3.o)
 .bss           0x00000000008003b6        0x0 /usr/lib/gcc/avr/4.9.3/avr5/libgcc.a(_muluhisi3.o)
 .bss           0x00000000008003b6        0x0 /usr/lib/gcc/avr/4.9.3/avr5/libgcc.a(_divmodhi4.o)
 .bss           0x00000000008003b6        0x0 /usr/lib/gcc/avr/4.9.3/avr5/libgcc.a(_udivmodsi4.o)
 .bss           0x00000000008003b6        0x0 /usr/lib/gcc/avr/4.9.3/avr5/libgcc.a(_prologue.o)
 .bss           0x00000000008003b6        0x0 /usr/lib/gcc/avr/4.9.3/avr5/libgcc.a(_epilogue.o)
 .bss           0x00000000008003b6        0x0 /usr/lib/gcc/avr/4.9.3/avr5/libgcc.a(_exit.o)
 .bss           0x00000000008003b6        0x0 /usr/lib/gcc/avr/4.9.3/avr5/libgcc.a(_tablejump2.o)
 .bss           0x00000000008003b6        0x0 /usr/lib/gcc/avr/4.9.3/avr5/libgcc.a(_clear_bss.o)
 .bss           0x00000000008003b6        0x0 /usr/lib/gcc/avr/4.9.3/avr5/libgcc.a(_ashldi3.o)
 .bss           0x00000000008003b6        0x0 /usr/lib/gcc/avr/4.9.3/avr5/libgcc.a(_cmpdi2_s8.o)
 .bss           0x00000000008003b6        0x0 /usr/lib/gcc/avr/4.9.3/avr5/libgcc.a(_udivmodhi4.o)
 .bss           0x00000000008003b6        0x0 /usr/lib/gcc/avr/4.9.3/../../../../avr/lib/avr5/libc.a(memcpy_P.o)
 .bss           0x00000000008003b6        0x0 /usr/lib/gcc/avr/4.9.3/../../../../avr/lib/avr5/libc.a(memcpy.o)
 *(.bss*)
 *(COMMON)
 COMMON         0x00000000008003b6       0xbc minut.o
                0x00000000008003b6                mnt
 COMMON         0x0000000000800472       0x81 servo.o
                0x0000000000800472                srv
 COMMON         0x00000000008004f3       0x42 tk-off.o
                0x00000000008004f3                tkf
                0x0000000000800535                PROVIDE (__bss_end, .)
                0x0000000000002cc4                __data_load_start = LOADADDR (.data)
                0x0000000000002cc4                __data_load_end = (__data_load_start + SIZEOF (.data))

.noinit         0x0000000000800535        0x0
                0x0000000000800535                PROVIDE (__noinit_start, .)
 *(.noinit*)
                0x0000000000800535                PROVIDE (__noinit_end, .)
                0x0000000000800535                _end = .
                0x0000000000800535                PROVIDE (__heap_start, .)

.eeprom         0x0000000000810000      0x11e
 *(.eeprom*)
 .eeprom        0x0000000000810000      0x11e eeprom_frames.o
                0x0000000000810000                eeprom_frames
                0x000000000081011e                __eeprom_end = .

.fuse
 *(.fuse)
 *(.lfuse)
 *(.hfuse)
 *(.efuse)

.lock
 *(.lock*)

.signature
 *(.signature*)

.stab           0x0000000000000000     0xa44c
 *(.stab)
 .stab          0x0000000000000000      0x6cc /usr/lib/gcc/avr/4.9.3/../../../../avr/lib/avr5/crtm328p.o
 .stab          0x00000000000006cc      0x924 main.o
                                        0x930 (size before relaxing)
 .stab          0x0000000000000ff0      0xd98 minut.o
                                       0x1068 (size before relaxing)
 .stab          0x0000000000001d88      0x6f0 servo.o
                                        0x9b4 (size before relaxing)
 .stab          0x0000000000002478      0x5d0 tk-off.o
                                        0x894 (size before relaxing)
 .stab          0x0000000000002a48      0x2ac eeprom_frames.o
                                        0x510 (size before relaxing)
 .stab          0x0000000000002cf4      0x990 /home/yog/TRoll/projects/scalp/libscalp.a(fr_cmdes.o)
                                        0xbc4 (size before relaxing)
 .stab          0x0000000000003684      0xad4 /home/yog/TRoll/projects/scalp/libscalp.a(basic.o)
                                        0xdbc (size before relaxing)
 .stab          0x0000000000004158      0x7c8 /home/yog/TRoll/projects/scalp/libscalp.a(common.o)
                                        0xac8 (size before relaxing)
 .stab          0x0000000000004920      0xc90 /home/yog/TRoll/projects/scalp/libscalp.a(dispatcher.o)
                                        0xf6c (size before relaxing)
 .stab          0x00000000000055b0      0x6c0 /home/yog/TRoll/projects/scalp/libscalp.a(routing_tables.o)
                                        0x960 (size before relaxing)
 .stab          0x0000000000005c70      0x858 /home/yog/TRoll/projects/nanoK/libnanoK.a(timer1.o)
                                        0xb04 (size before relaxing)
 .stab          0x00000000000064c8      0x66c /home/yog/TRoll/projects/nanoK/libnanoK.a(timer2.o)
                                        0x8f4 (size before relaxing)
 .stab          0x0000000000006b34      0xd14 /home/yog/TRoll/projects/nanoK/libnanoK.a(twi.o)
                                        0xf84 (size before relaxing)
 .stab          0x0000000000007848      0x4a4 /home/yog/TRoll/projects/nanoK/libnanoK.a(sleep.o)
                                        0x6e4 (size before relaxing)
 .stab          0x0000000000007cec      0x5f4 /home/yog/TRoll/projects/nanoK/libnanoK.a(eeprom.o)
                                        0x834 (size before relaxing)
 .stab          0x00000000000082e0      0x750 /home/yog/TRoll/projects/nanoK/libnanoK.a(fifo.o)
                                        0x9c0 (size before relaxing)
 .stab          0x0000000000008a30      0x4e0 /home/yog/TRoll/projects/nanoK/libnanoK.a(time.o)
                                        0x6e4 (size before relaxing)
 .stab          0x0000000000008f10      0x684 /home/yog/TRoll/projects/nanoK/libnanoK.a(state_machine.o)
                                        0x90c (size before relaxing)
 .stab          0x0000000000009594      0x108 /usr/lib/gcc/avr/4.9.3/avr5/libgcc.a(_umulhisi3.o)
                                        0x114 (size before relaxing)
 .stab          0x000000000000969c       0xcc /usr/lib/gcc/avr/4.9.3/avr5/libgcc.a(_muluhisi3.o)
                                         0xd8 (size before relaxing)
 .stab          0x0000000000009768      0x138 /usr/lib/gcc/avr/4.9.3/avr5/libgcc.a(_divmodhi4.o)
                                        0x144 (size before relaxing)
 .stab          0x00000000000098a0      0x228 /usr/lib/gcc/avr/4.9.3/avr5/libgcc.a(_udivmodsi4.o)
                                        0x234 (size before relaxing)
 .stab          0x0000000000009ac8      0x1a4 /usr/lib/gcc/avr/4.9.3/avr5/libgcc.a(_prologue.o)
                                        0x1b0 (size before relaxing)
 .stab          0x0000000000009c6c      0x1a4 /usr/lib/gcc/avr/4.9.3/avr5/libgcc.a(_epilogue.o)
                                        0x1b0 (size before relaxing)
 .stab          0x0000000000009e10       0x6c /usr/lib/gcc/avr/4.9.3/avr5/libgcc.a(_exit.o)
                                         0x78 (size before relaxing)
 .stab          0x0000000000009e7c       0x9c /usr/lib/gcc/avr/4.9.3/avr5/libgcc.a(_tablejump2.o)
                                         0xa8 (size before relaxing)
 .stab          0x0000000000009f18       0xb4 /usr/lib/gcc/avr/4.9.3/avr5/libgcc.a(_clear_bss.o)
                                         0xc0 (size before relaxing)
 .stab          0x0000000000009fcc      0x180 /usr/lib/gcc/avr/4.9.3/avr5/libgcc.a(_ashldi3.o)
                                        0x18c (size before relaxing)
 .stab          0x000000000000a14c       0x9c /usr/lib/gcc/avr/4.9.3/avr5/libgcc.a(_cmpdi2_s8.o)
                                         0xa8 (size before relaxing)
 .stab          0x000000000000a1e8      0x15c /usr/lib/gcc/avr/4.9.3/avr5/libgcc.a(_udivmodhi4.o)
                                        0x168 (size before relaxing)
 .stab          0x000000000000a344       0x84 /usr/lib/gcc/avr/4.9.3/../../../../avr/lib/avr5/libc.a(memcpy_P.o)
                                         0x90 (size before relaxing)
 .stab          0x000000000000a3c8       0x84 /usr/lib/gcc/avr/4.9.3/../../../../avr/lib/avr5/libc.a(memcpy.o)
                                         0x90 (size before relaxing)

.stabstr        0x0000000000000000     0x498c
 *(.stabstr)
 .stabstr       0x0000000000000000     0x498c /usr/lib/gcc/avr/4.9.3/../../../../avr/lib/avr5/crtm328p.o

.stab.excl
 *(.stab.excl)

.stab.exclstr
 *(.stab.exclstr)

.stab.index
 *(.stab.index)

.stab.indexstr
 *(.stab.indexstr)

.comment        0x0000000000000000       0x21
 *(.comment)
 .comment       0x0000000000000000       0x21 main.o
                                         0x22 (size before relaxing)
 .comment       0x0000000000000021       0x22 minut.o
 .comment       0x0000000000000021       0x22 servo.o
 .comment       0x0000000000000021       0x22 tk-off.o
 .comment       0x0000000000000021       0x22 eeprom_frames.o
 .comment       0x0000000000000021       0x22 /home/yog/TRoll/projects/scalp/libscalp.a(fr_cmdes.o)
 .comment       0x0000000000000021       0x22 /home/yog/TRoll/projects/scalp/libscalp.a(basic.o)
 .comment       0x0000000000000021       0x22 /home/yog/TRoll/projects/scalp/libscalp.a(common.o)
 .comment       0x0000000000000021       0x22 /home/yog/TRoll/projects/scalp/libscalp.a(dispatcher.o)
 .comment       0x0000000000000021       0x22 /home/yog/TRoll/projects/scalp/libscalp.a(routing_tables.o)
 .comment       0x0000000000000021       0x22 /home/yog/TRoll/projects/nanoK/libnanoK.a(timer1.o)
 .comment       0x0000000000000021       0x22 /home/yog/TRoll/projects/nanoK/libnanoK.a(timer2.o)
 .comment       0x0000000000000021       0x22 /home/yog/TRoll/projects/nanoK/libnanoK.a(twi.o)
 .comment       0x0000000000000021       0x22 /home/yog/TRoll/projects/nanoK/libnanoK.a(sleep.o)
 .comment       0x0000000000000021       0x22 /home/yog/TRoll/projects/nanoK/libnanoK.a(eeprom.o)
 .comment       0x0000000000000021       0x22 /home/yog/TRoll/projects/nanoK/libnanoK.a(fifo.o)
 .comment       0x0000000000000021       0x22 /home/yog/TRoll/projects/nanoK/libnanoK.a(time.o)
 .comment       0x0000000000000021       0x22 /home/yog/TRoll/projects/nanoK/libnanoK.a(state_machine.o)

.note.gnu.build-id
 *(.note.gnu.build-id)

.debug
 *(.debug)

.line
 *(.line)

.debug_srcinfo
 *(.debug_srcinfo)

.debug_sfnames
 *(.debug_sfnames)

.debug_aranges
 *(.debug_aranges)

.debug_pubnames
 *(.debug_pubnames)

.debug_info
 *(.debug_info .gnu.linkonce.wi.*)

.debug_abbrev
 *(.debug_abbrev)

.debug_line
 *(.debug_line .debug_line.* .debug_line_end)

.debug_frame
 *(.debug_frame)

.debug_str
 *(.debug_str)

.debug_loc
 *(.debug_loc)

.debug_macinfo
 *(.debug_macinfo)

.debug_weaknames
 *(.debug_weaknames)

.debug_funcnames
 *(.debug_funcnames)

.debug_typenames
 *(.debug_typenames)

.debug_varnames
 *(.debug_varnames)

.debug_pubtypes
 *(.debug_pubtypes)

.debug_ranges
 *(.debug_ranges)

.debug_macro
 *(.debug_macro)
OUTPUT(minut.elf elf32-avr)
LOAD linker stubs

.mmcu           0x0000000000008000       0x56
 .mmcu          0x0000000000008000       0x56 main.o
                0x0000000000008000                simavr_conf
                0x0000000000008041                _AVR_MMCU_TAG_FREQUENCY42
                0x0000000000008047                _AVR_MMCU_TAG_NAME
                0x0000000000008054                _mmcu

Cross Reference Table

Symbol                                            File
BSC_frame_handling                                /home/yog/TRoll/projects/scalp/libscalp.a(basic.o)
BSC_in                                            /home/yog/TRoll/projects/scalp/libscalp.a(basic.o)
BSC_init                                          /home/yog/TRoll/projects/scalp/libscalp.a(basic.o)
                                                  main.o
BSC_out                                           /home/yog/TRoll/projects/scalp/libscalp.a(basic.o)
BSC_run                                           /home/yog/TRoll/projects/scalp/libscalp.a(basic.o)
                                                  main.o
CMN_init                                          /home/yog/TRoll/projects/scalp/libscalp.a(common.o)
                                                  main.o
CMN_run                                           /home/yog/TRoll/projects/scalp/libscalp.a(common.o)
                                                  main.o
EEP_init                                          /home/yog/TRoll/projects/nanoK/libnanoK.a(eeprom.o)
                                                  /home/yog/TRoll/projects/scalp/libscalp.a(basic.o)
EEP_is_fini                                       /home/yog/TRoll/projects/nanoK/libnanoK.a(eeprom.o)
                                                  /home/yog/TRoll/projects/scalp/libscalp.a(basic.o)
EEP_read                                          /home/yog/TRoll/projects/nanoK/libnanoK.a(eeprom.o)
                                                  /home/yog/TRoll/projects/scalp/libscalp.a(basic.o)
EEP_write                                         /home/yog/TRoll/projects/nanoK/libnanoK.a(eeprom.o)
                                                  /home/yog/TRoll/projects/scalp/libscalp.a(basic.o)
FIFO_free                                         /home/yog/TRoll/projects/nanoK/libnanoK.a(fifo.o)
FIFO_full                                         /home/yog/TRoll/projects/nanoK/libnanoK.a(fifo.o)
                                                  /home/yog/TRoll/projects/scalp/libscalp.a(routing_tables.o)
                                                  /home/yog/TRoll/projects/scalp/libscalp.a(common.o)
                                                  /home/yog/TRoll/projects/scalp/libscalp.a(basic.o)
FIFO_get                                          /home/yog/TRoll/projects/nanoK/libnanoK.a(fifo.o)
                                                  /home/yog/TRoll/projects/scalp/libscalp.a(routing_tables.o)
                                                  /home/yog/TRoll/projects/scalp/libscalp.a(dispatcher.o)
                                                  /home/yog/TRoll/projects/scalp/libscalp.a(common.o)
                                                  /home/yog/TRoll/projects/scalp/libscalp.a(basic.o)
                                                  tk-off.o
                                                  servo.o
                                                  minut.o
FIFO_init                                         /home/yog/TRoll/projects/nanoK/libnanoK.a(fifo.o)
                                                  /home/yog/TRoll/projects/scalp/libscalp.a(routing_tables.o)
                                                  /home/yog/TRoll/projects/scalp/libscalp.a(dispatcher.o)
                                                  /home/yog/TRoll/projects/scalp/libscalp.a(common.o)
                                                  /home/yog/TRoll/projects/scalp/libscalp.a(basic.o)
                                                  tk-off.o
                                                  servo.o
                                                  minut.o
FIFO_put                                          /home/yog/TRoll/projects/nanoK/libnanoK.a(fifo.o)
                                                  /home/yog/TRoll/projects/scalp/libscalp.a(dispatcher.o)
                                                  /home/yog/TRoll/projects/scalp/libscalp.a(common.o)
                                                  /home/yog/TRoll/projects/scalp/libscalp.a(basic.o)
                                                  servo.o
                                                  minut.o
FIFO_unget                                        /home/yog/TRoll/projects/nanoK/libnanoK.a(fifo.o)
                                                  /home/yog/TRoll/projects/scalp/libscalp.a(common.o)
                                                  /home/yog/TRoll/projects/scalp/libscalp.a(basic.o)
ROUT_init                                         /home/yog/TRoll/projects/scalp/libscalp.a(routing_tables.o)
ROUT_route                                        /home/yog/TRoll/projects/scalp/libscalp.a(routing_tables.o)
                                                  /home/yog/TRoll/projects/scalp/libscalp.a(dispatcher.o)
ROUT_run                                          /home/yog/TRoll/projects/scalp/libscalp.a(routing_tables.o)
SLP_init                                          /home/yog/TRoll/projects/nanoK/libnanoK.a(sleep.o)
                                                  /home/yog/TRoll/projects/scalp/libscalp.a(basic.o)
SLP_register                                      /home/yog/TRoll/projects/nanoK/libnanoK.a(sleep.o)
SLP_request                                       /home/yog/TRoll/projects/nanoK/libnanoK.a(sleep.o)
SLP_unrequest                                     /home/yog/TRoll/projects/nanoK/libnanoK.a(sleep.o)
STM_event                                         /home/yog/TRoll/projects/nanoK/libnanoK.a(state_machine.o)
                                                  minut.o
STM_init                                          /home/yog/TRoll/projects/nanoK/libnanoK.a(state_machine.o)
                                                  minut.o
STM_run                                           /home/yog/TRoll/projects/nanoK/libnanoK.a(state_machine.o)
                                                  minut.o
TIME_get                                          /home/yog/TRoll/projects/nanoK/libnanoK.a(time.o)
                                                  /home/yog/TRoll/projects/scalp/libscalp.a(dispatcher.o)
                                                  /home/yog/TRoll/projects/scalp/libscalp.a(common.o)
                                                  /home/yog/TRoll/projects/scalp/libscalp.a(basic.o)
                                                  tk-off.o
                                                  minut.o
TIME_get_incr                                     /home/yog/TRoll/projects/nanoK/libnanoK.a(time.o)
                                                  main.o
TIME_get_precise                                  /home/yog/TRoll/projects/nanoK/libnanoK.a(time.o)
TIME_incr                                         /home/yog/TRoll/projects/nanoK/libnanoK.a(time.o)
                                                  main.o
TIME_init                                         /home/yog/TRoll/projects/nanoK/libnanoK.a(time.o)
                                                  main.o
TIME_set_incr                                     /home/yog/TRoll/projects/nanoK/libnanoK.a(time.o)
                                                  main.o
TMR1_compare_get                                  /home/yog/TRoll/projects/nanoK/libnanoK.a(timer1.o)
TMR1_compare_set                                  /home/yog/TRoll/projects/nanoK/libnanoK.a(timer1.o)
                                                  servo.o
TMR1_get                                          /home/yog/TRoll/projects/nanoK/libnanoK.a(timer1.o)
TMR1_init                                         /home/yog/TRoll/projects/nanoK/libnanoK.a(timer1.o)
                                                  servo.o
TMR1_reset                                        /home/yog/TRoll/projects/nanoK/libnanoK.a(timer1.o)
TMR1_start                                        /home/yog/TRoll/projects/nanoK/libnanoK.a(timer1.o)
                                                  servo.o
TMR1_stop                                         /home/yog/TRoll/projects/nanoK/libnanoK.a(timer1.o)
TMR2_get_value                                    /home/yog/TRoll/projects/nanoK/libnanoK.a(timer2.o)
                                                  main.o
TMR2_init                                         /home/yog/TRoll/projects/nanoK/libnanoK.a(timer2.o)
                                                  main.o
TMR2_reset                                        /home/yog/TRoll/projects/nanoK/libnanoK.a(timer2.o)
TMR2_start                                        /home/yog/TRoll/projects/nanoK/libnanoK.a(timer2.o)
                                                  main.o
TMR2_stop                                         /home/yog/TRoll/projects/nanoK/libnanoK.a(timer2.o)
TWI_gen_call                                      /home/yog/TRoll/projects/nanoK/libnanoK.a(twi.o)
                                                  /home/yog/TRoll/projects/scalp/libscalp.a(dispatcher.o)
TWI_get_sl_addr                                   /home/yog/TRoll/projects/nanoK/libnanoK.a(twi.o)
TWI_init                                          /home/yog/TRoll/projects/nanoK/libnanoK.a(twi.o)
                                                  /home/yog/TRoll/projects/scalp/libscalp.a(dispatcher.o)
TWI_ms_rx                                         /home/yog/TRoll/projects/nanoK/libnanoK.a(twi.o)
                                                  /home/yog/TRoll/projects/scalp/libscalp.a(dispatcher.o)
TWI_ms_tx                                         /home/yog/TRoll/projects/nanoK/libnanoK.a(twi.o)
                                                  /home/yog/TRoll/projects/scalp/libscalp.a(dispatcher.o)
TWI_set_sl_addr                                   /home/yog/TRoll/projects/nanoK/libnanoK.a(twi.o)
                                                  /home/yog/TRoll/projects/scalp/libscalp.a(dispatcher.o)
TWI_sl_rx                                         /home/yog/TRoll/projects/nanoK/libnanoK.a(twi.o)
                                                  /home/yog/TRoll/projects/scalp/libscalp.a(dispatcher.o)
TWI_sl_tx                                         /home/yog/TRoll/projects/nanoK/libnanoK.a(twi.o)
                                                  /home/yog/TRoll/projects/scalp/libscalp.a(dispatcher.o)
TWI_stop                                          /home/yog/TRoll/projects/nanoK/libnanoK.a(twi.o)
                                                  /home/yog/TRoll/projects/scalp/libscalp.a(dispatcher.o)
_AVR_MMCU_TAG_FREQUENCY42                         main.o
_AVR_MMCU_TAG_NAME                                main.o
__ashldi3                                         /usr/lib/gcc/avr/4.9.3/avr5/libgcc.a(_ashldi3.o)
                                                  /home/yog/TRoll/projects/scalp/libscalp.a(dispatcher.o)
__bad_interrupt                                   /usr/lib/gcc/avr/4.9.3/../../../../avr/lib/avr5/crtm328p.o
__bss_end                                         /usr/lib/gcc/avr/4.9.3/avr5/libgcc.a(_clear_bss.o)
__bss_start                                       /usr/lib/gcc/avr/4.9.3/avr5/libgcc.a(_clear_bss.o)
__cmpdi2_s8                                       /usr/lib/gcc/avr/4.9.3/avr5/libgcc.a(_cmpdi2_s8.o)
                                                  /home/yog/TRoll/projects/scalp/libscalp.a(dispatcher.o)
__divmodhi4                                       /usr/lib/gcc/avr/4.9.3/avr5/libgcc.a(_divmodhi4.o)
                                                  servo.o
__do_clear_bss                                    /usr/lib/gcc/avr/4.9.3/avr5/libgcc.a(_clear_bss.o)
                                                  /home/yog/TRoll/projects/nanoK/libnanoK.a(time.o)
                                                  /home/yog/TRoll/projects/nanoK/libnanoK.a(eeprom.o)
                                                  /home/yog/TRoll/projects/nanoK/libnanoK.a(sleep.o)
                                                  /home/yog/TRoll/projects/nanoK/libnanoK.a(twi.o)
                                                  /home/yog/TRoll/projects/nanoK/libnanoK.a(timer2.o)
                                                  /home/yog/TRoll/projects/nanoK/libnanoK.a(timer1.o)
                                                  /home/yog/TRoll/projects/scalp/libscalp.a(routing_tables.o)
                                                  /home/yog/TRoll/projects/scalp/libscalp.a(dispatcher.o)
                                                  /home/yog/TRoll/projects/scalp/libscalp.a(common.o)
                                                  /home/yog/TRoll/projects/scalp/libscalp.a(basic.o)
                                                  tk-off.o
                                                  servo.o
                                                  minut.o
__epilogue_restores__                             /usr/lib/gcc/avr/4.9.3/avr5/libgcc.a(_epilogue.o)
                                                  /home/yog/TRoll/projects/scalp/libscalp.a(dispatcher.o)
                                                  /home/yog/TRoll/projects/scalp/libscalp.a(common.o)
                                                  /home/yog/TRoll/projects/scalp/libscalp.a(basic.o)
                                                  servo.o
                                                  minut.o
__heap_end                                        /usr/lib/gcc/avr/4.9.3/../../../../avr/lib/avr5/crtm328p.o
__init                                            /usr/lib/gcc/avr/4.9.3/../../../../avr/lib/avr5/crtm328p.o
__muluhisi3                                       /usr/lib/gcc/avr/4.9.3/avr5/libgcc.a(_muluhisi3.o)
                                                  main.o
__prologue_saves__                                /usr/lib/gcc/avr/4.9.3/avr5/libgcc.a(_prologue.o)
                                                  /home/yog/TRoll/projects/scalp/libscalp.a(dispatcher.o)
                                                  /home/yog/TRoll/projects/scalp/libscalp.a(common.o)
                                                  /home/yog/TRoll/projects/scalp/libscalp.a(basic.o)
                                                  minut.o
__stack                                           /usr/lib/gcc/avr/4.9.3/../../../../avr/lib/avr5/crtm328p.o
__tablejump2__                                    /usr/lib/gcc/avr/4.9.3/avr5/libgcc.a(_tablejump2.o)
                                                  /home/yog/TRoll/projects/scalp/libscalp.a(dispatcher.o)
                                                  /home/yog/TRoll/projects/scalp/libscalp.a(basic.o)
__udivmodhi4                                      /usr/lib/gcc/avr/4.9.3/avr5/libgcc.a(_udivmodhi4.o)
                                                  /usr/lib/gcc/avr/4.9.3/avr5/libgcc.a(_divmodhi4.o)
__udivmodsi4                                      /usr/lib/gcc/avr/4.9.3/avr5/libgcc.a(_udivmodsi4.o)
                                                  minut.o
                                                  main.o
__umulhisi3                                       /usr/lib/gcc/avr/4.9.3/avr5/libgcc.a(_umulhisi3.o)
                                                  /usr/lib/gcc/avr/4.9.3/avr5/libgcc.a(_muluhisi3.o)
                                                  /home/yog/TRoll/projects/scalp/libscalp.a(basic.o)
                                                  minut.o
__vector_1                                        /usr/lib/gcc/avr/4.9.3/../../../../avr/lib/avr5/crtm328p.o
__vector_10                                       /home/yog/TRoll/projects/nanoK/libnanoK.a(timer1.o)
                                                  /usr/lib/gcc/avr/4.9.3/../../../../avr/lib/avr5/crtm328p.o
__vector_11                                       /home/yog/TRoll/projects/nanoK/libnanoK.a(timer1.o)
                                                  /usr/lib/gcc/avr/4.9.3/../../../../avr/lib/avr5/crtm328p.o
__vector_12                                       /home/yog/TRoll/projects/nanoK/libnanoK.a(timer1.o)
                                                  /usr/lib/gcc/avr/4.9.3/../../../../avr/lib/avr5/crtm328p.o
__vector_13                                       /home/yog/TRoll/projects/nanoK/libnanoK.a(timer1.o)
                                                  /usr/lib/gcc/avr/4.9.3/../../../../avr/lib/avr5/crtm328p.o
__vector_14                                       /usr/lib/gcc/avr/4.9.3/../../../../avr/lib/avr5/crtm328p.o
__vector_15                                       /usr/lib/gcc/avr/4.9.3/../../../../avr/lib/avr5/crtm328p.o
__vector_16                                       /usr/lib/gcc/avr/4.9.3/../../../../avr/lib/avr5/crtm328p.o
__vector_17                                       /usr/lib/gcc/avr/4.9.3/../../../../avr/lib/avr5/crtm328p.o
__vector_18                                       /usr/lib/gcc/avr/4.9.3/../../../../avr/lib/avr5/crtm328p.o
__vector_19                                       /usr/lib/gcc/avr/4.9.3/../../../../avr/lib/avr5/crtm328p.o
__vector_2                                        /usr/lib/gcc/avr/4.9.3/../../../../avr/lib/avr5/crtm328p.o
__vector_20                                       /usr/lib/gcc/avr/4.9.3/../../../../avr/lib/avr5/crtm328p.o
__vector_21                                       /usr/lib/gcc/avr/4.9.3/../../../../avr/lib/avr5/crtm328p.o
__vector_22                                       /home/yog/TRoll/projects/nanoK/libnanoK.a(eeprom.o)
                                                  /usr/lib/gcc/avr/4.9.3/../../../../avr/lib/avr5/crtm328p.o
__vector_23                                       /usr/lib/gcc/avr/4.9.3/../../../../avr/lib/avr5/crtm328p.o
__vector_24                                       /home/yog/TRoll/projects/nanoK/libnanoK.a(twi.o)
                                                  /usr/lib/gcc/avr/4.9.3/../../../../avr/lib/avr5/crtm328p.o
__vector_25                                       /usr/lib/gcc/avr/4.9.3/../../../../avr/lib/avr5/crtm328p.o
__vector_3                                        /usr/lib/gcc/avr/4.9.3/../../../../avr/lib/avr5/crtm328p.o
__vector_4                                        /usr/lib/gcc/avr/4.9.3/../../../../avr/lib/avr5/crtm328p.o
__vector_5                                        /usr/lib/gcc/avr/4.9.3/../../../../avr/lib/avr5/crtm328p.o
__vector_6                                        /usr/lib/gcc/avr/4.9.3/../../../../avr/lib/avr5/crtm328p.o
__vector_7                                        /home/yog/TRoll/projects/nanoK/libnanoK.a(timer2.o)
                                                  /usr/lib/gcc/avr/4.9.3/../../../../avr/lib/avr5/crtm328p.o
__vector_8                                        /usr/lib/gcc/avr/4.9.3/../../../../avr/lib/avr5/crtm328p.o
__vector_9                                        /home/yog/TRoll/projects/nanoK/libnanoK.a(timer2.o)
                                                  /usr/lib/gcc/avr/4.9.3/../../../../avr/lib/avr5/crtm328p.o
__vector_default                                  /usr/lib/gcc/avr/4.9.3/../../../../avr/lib/avr5/crtm328p.o
__vectors                                         /usr/lib/gcc/avr/4.9.3/../../../../avr/lib/avr5/crtm328p.o
_div                                              /usr/lib/gcc/avr/4.9.3/avr5/libgcc.a(_divmodhi4.o)
_exit                                             /usr/lib/gcc/avr/4.9.3/avr5/libgcc.a(_exit.o)
_mmcu                                             main.o
action_flight                                     minut.o
action_init                                       minut.o
action_para_closing                               minut.o
action_para_opening                               minut.o
action_parachute                                  minut.o
action_waiting                                    minut.o
dpt_gen_call                                      /home/yog/TRoll/projects/scalp/libscalp.a(dispatcher.o)
dpt_init                                          /home/yog/TRoll/projects/scalp/libscalp.a(dispatcher.o)
                                                  main.o
dpt_lock                                          /home/yog/TRoll/projects/scalp/libscalp.a(dispatcher.o)
                                                  /home/yog/TRoll/projects/scalp/libscalp.a(routing_tables.o)
                                                  /home/yog/TRoll/projects/scalp/libscalp.a(common.o)
                                                  /home/yog/TRoll/projects/scalp/libscalp.a(basic.o)
                                                  tk-off.o
                                                  servo.o
                                                  minut.o
dpt_register                                      /home/yog/TRoll/projects/scalp/libscalp.a(dispatcher.o)
                                                  /home/yog/TRoll/projects/scalp/libscalp.a(routing_tables.o)
                                                  /home/yog/TRoll/projects/scalp/libscalp.a(common.o)
                                                  /home/yog/TRoll/projects/scalp/libscalp.a(basic.o)
                                                  tk-off.o
                                                  servo.o
                                                  minut.o
dpt_run                                           /home/yog/TRoll/projects/scalp/libscalp.a(dispatcher.o)
                                                  main.o
dpt_set_sl_addr                                   /home/yog/TRoll/projects/scalp/libscalp.a(dispatcher.o)
dpt_tx                                            /home/yog/TRoll/projects/scalp/libscalp.a(dispatcher.o)
                                                  /home/yog/TRoll/projects/scalp/libscalp.a(routing_tables.o)
                                                  /home/yog/TRoll/projects/scalp/libscalp.a(common.o)
                                                  /home/yog/TRoll/projects/scalp/libscalp.a(basic.o)
                                                  tk-off.o
                                                  servo.o
                                                  minut.o
dpt_unlock                                        /home/yog/TRoll/projects/scalp/libscalp.a(dispatcher.o)
                                                  /home/yog/TRoll/projects/scalp/libscalp.a(routing_tables.o)
                                                  /home/yog/TRoll/projects/scalp/libscalp.a(common.o)
                                                  /home/yog/TRoll/projects/scalp/libscalp.a(basic.o)
                                                  tk-off.o
                                                  servo.o
                                                  minut.o
eeprom_frames                                     eeprom_frames.o
exit                                              /usr/lib/gcc/avr/4.9.3/avr5/libgcc.a(_exit.o)
                                                  /usr/lib/gcc/avr/4.9.3/../../../../avr/lib/avr5/crtm328p.o
flight                                            minut.o
flight2parachute                                  minut.o
frame_set_0                                       /home/yog/TRoll/projects/scalp/libscalp.a(fr_cmdes.o)
frame_set_1                                       /home/yog/TRoll/projects/scalp/libscalp.a(fr_cmdes.o)
frame_set_2                                       /home/yog/TRoll/projects/scalp/libscalp.a(fr_cmdes.o)
frame_set_3                                       /home/yog/TRoll/projects/scalp/libscalp.a(fr_cmdes.o)
frame_set_4                                       /home/yog/TRoll/projects/scalp/libscalp.a(fr_cmdes.o)
                                                  minut.o
frame_set_5                                       /home/yog/TRoll/projects/scalp/libscalp.a(fr_cmdes.o)
frame_set_6                                       /home/yog/TRoll/projects/scalp/libscalp.a(fr_cmdes.o)
init                                              minut.o
init2para_opening                                 minut.o
main                                              main.o
                                                  /usr/lib/gcc/avr/4.9.3/../../../../avr/lib/avr5/crtm328p.o
memcpy                                            /usr/lib/gcc/avr/4.9.3/../../../../avr/lib/avr5/libc.a(memcpy.o)
                                                  /home/yog/TRoll/projects/nanoK/libnanoK.a(fifo.o)
memcpy_P                                          /usr/lib/gcc/avr/4.9.3/../../../../avr/lib/avr5/libc.a(memcpy_P.o)
                                                  /home/yog/TRoll/projects/scalp/libscalp.a(basic.o)
mnt                                               minut.o
mnt_check_commands                                minut.o
mnt_check_time_out                                minut.o
mnt_init                                          minut.o
                                                  main.o
mnt_open_time                                     minut.o
mnt_run                                           minut.o
                                                  main.o
mnt_send_frame                                    minut.o
para_closing                                      minut.o
para_closing2waiting                              minut.o
para_opening                                      minut.o
para_opening2para_closing                         minut.o
parachute                                         minut.o
simavr_conf                                       main.o
srv                                               servo.o
srv_init                                          servo.o
                                                  main.o
srv_run                                           servo.o
                                                  main.o
tkf                                               tk-off.o
tkf_init                                          tk-off.o
                                                  main.o
tkf_run                                           tk-off.o
                                                  main.o
waiting                                           minut.o
waiting2flight                                    minut.o
